// Jest Snapshot v1, https://goo.gl/fbAQLP

exports[`<Button /> <Button /> match snapshot 1`] = `
<button
  className="primary"
  onClick={[Function]}
>
  Name button
</button>
`;
