// Jest Snapshot v1, https://goo.gl/fbAQLP

exports[`Header <Header> should have the children content 1`] = `
<header>
  <h1
    className="ui header undefined"
  >
    Create notes
  </h1>
</header>
`;
