// Jest Snapshot v1, https://goo.gl/fbAQLP

exports[`<Input /> Match snapshot 1`] = `
<input
  onChange={[Function]}
/>
`;
