// Jest Snapshot v1, https://goo.gl/fbAQLP

exports[`<ListItem /> Match snapshot 1`] = `
<div
  className="card"
>
  <div
    className="content"
  >
    <div
      className="header"
      onClick={[Function]}
    />
  </div>
</div>
`;
